127.0.0.1 - - [30/Aug/2017:15:08:32 +0530] "GET / HTTP/1.1" 404 -
127.0.0.1 - - [30/Aug/2017:15:09:14 +0530] "GET / HTTP/1.1" 404 994
127.0.0.1 - - [30/Aug/2017:15:09:14 +0530] "GET /mdw/Services/SystemInfo?type=threadDumpCount&format=text HTTP/1.1" 500 -
0:0:0:0:0:0:0:1 - - [30/Aug/2017:15:09:27 +0530] "GET / HTTP/1.1" 404 994
0:0:0:0:0:0:0:1 - - [30/Aug/2017:15:09:27 +0530] "GET /favicon.ico HTTP/1.1" 404 1016
0:0:0:0:0:0:0:1 - - [30/Aug/2017:15:09:43 +0530] "GET / HTTP/1.1" 404 994
0:0:0:0:0:0:0:1 - - [30/Aug/2017:15:13:50 +0530] "GET / HTTP/1.1" 404 994
127.0.0.1 - - [30/Aug/2017:16:58:13 +0530] "GET / HTTP/1.1" 404 -
127.0.0.1 - - [30/Aug/2017:16:58:56 +0530] "GET / HTTP/1.1" 404 994
127.0.0.1 - - [30/Aug/2017:16:58:56 +0530] "GET /mdw/Services/SystemInfo?type=threadDumpCount&format=text HTTP/1.1" 500 -
0:0:0:0:0:0:0:1 - - [30/Aug/2017:16:59:08 +0530] "GET / HTTP/1.1" 404 994
0:0:0:0:0:0:0:1 - - [30/Aug/2017:16:59:09 +0530] "GET /favicon.ico HTTP/1.1" 404 1016
127.0.0.1 - - [30/Aug/2017:16:59:33 +0530] "GET /mdw/ HTTP/1.1" 200 5164
127.0.0.1 - - [30/Aug/2017:16:59:33 +0530] "GET /mdw/lib/bootstrap-css-only/css/bootstrap.css HTTP/1.1" 200 146010
127.0.0.1 - - [30/Aug/2017:16:59:33 +0530] "GET /mdw/css/mdw-admin.css HTTP/1.1" 200 22285
127.0.0.1 - - [30/Aug/2017:16:59:33 +0530] "GET /mdw/lib/highlightjs/styles/default.css HTTP/1.1" 200 1159
127.0.0.1 - - [30/Aug/2017:16:59:33 +0530] "GET /mdw/css/mdw-hub.css HTTP/1.1" 200 6998
127.0.0.1 - - [30/Aug/2017:16:59:33 +0530] "GET /mdw/lib/swagger-ui/fonts.css HTTP/1.1" 200 4540
127.0.0.1 - - [30/Aug/2017:16:59:33 +0530] "GET /mdw/lib/swagger-ui/swagger-ui.css HTTP/1.1" 200 26383
127.0.0.1 - - [30/Aug/2017:16:59:33 +0530] "GET /mdw/css/mdw.css HTTP/1.1" 200 20779
127.0.0.1 - - [30/Aug/2017:16:59:33 +0530] "GET /mdw/lib/angular/angular.min.js HTTP/1.1" 200 147735
127.0.0.1 - - [30/Aug/2017:16:59:33 +0530] "GET /mdw/lib/angular-touch/angular-touch.min.js HTTP/1.1" 200 3589
127.0.0.1 - - [30/Aug/2017:16:59:33 +0530] "GET /mdw/lib/angular-animate/angular-animate.min.js HTTP/1.1" 200 25532
127.0.0.1 - - [30/Aug/2017:16:59:33 +0530] "GET /mdw/lib/angular-route/angular-route.min.js HTTP/1.1" 200 4390
127.0.0.1 - - [30/Aug/2017:16:59:33 +0530] "GET /mdw/lib/angular-websocket/dist/angular-websocket.min.js HTTP/1.1" 200 7179
127.0.0.1 - - [30/Aug/2017:16:59:33 +0530] "GET /mdw/lib/angular-sanitize/angular-sanitize.min.js HTTP/1.1" 200 6027
127.0.0.1 - - [30/Aug/2017:16:59:33 +0530] "GET /mdw/lib/angular-resource/angular-resource.min.js HTTP/1.1" 200 3678
127.0.0.1 - - [30/Aug/2017:16:59:33 +0530] "GET /mdw/lib/angular-cookies/angular-cookies.min.js HTTP/1.1" 200 1444
127.0.0.1 - - [30/Aug/2017:16:59:33 +0530] "GET /mdw/lib/angular-bootstrap/ui-bootstrap-tpls.min.js HTTP/1.1" 200 132410
127.0.0.1 - - [30/Aug/2017:16:59:33 +0530] "GET /mdw/lib/jsdiff/diff.min.js HTTP/1.1" 200 22855
127.0.0.1 - - [30/Aug/2017:16:59:33 +0530] "GET /mdw/lib/Chart.js/dist/Chart.min.js HTTP/1.1" 200 139378
127.0.0.1 - - [30/Aug/2017:16:59:33 +0530] "GET /mdw/lib/angular-chart.js HTTP/1.1" 200 11670
127.0.0.1 - - [30/Aug/2017:16:59:33 +0530] "GET /mdw/lib/ace-builds/src-min-noconflict/ace.min.js HTTP/1.1" 200 354781
127.0.0.1 - - [30/Aug/2017:16:59:33 +0530] "GET /mdw/lib/ng-infinite-scroll-1.2.0.js HTTP/1.1" 200 10072
127.0.0.1 - - [30/Aug/2017:16:59:33 +0530] "GET /mdw/lib/marked-0.3.6.js HTTP/1.1" 200 28664
127.0.0.1 - - [30/Aug/2017:16:59:33 +0530] "GET /mdw/lib/highlightjs/highlight.pack.js HTTP/1.1" 200 721472
127.0.0.1 - - [30/Aug/2017:16:59:33 +0530] "GET /mdw/js/mdw.js HTTP/1.1" 200 1991
127.0.0.1 - - [30/Aug/2017:16:59:33 +0530] "GET /mdw/js/util.js HTTP/1.1" 200 9868
127.0.0.1 - - [30/Aug/2017:16:59:33 +0530] "GET /mdw/js/constants.js HTTP/1.1" 200 2846
127.0.0.1 - - [30/Aug/2017:16:59:33 +0530] "GET /mdw/js/routes.js HTTP/1.1" 200 10337
127.0.0.1 - - [30/Aug/2017:16:59:33 +0530] "GET /mdw/js/tabs.js HTTP/1.1" 200 1225
127.0.0.1 - - [30/Aug/2017:16:59:33 +0530] "GET /mdw/js/admin.js HTTP/1.1" 200 12408
127.0.0.1 - - [30/Aug/2017:16:59:33 +0530] "GET /mdw/js/authUser.js HTTP/1.1" 200 4792
127.0.0.1 - - [30/Aug/2017:16:59:33 +0530] "GET /mdw/js/users.js HTTP/1.1" 200 9294
127.0.0.1 - - [30/Aug/2017:16:59:33 +0530] "GET /mdw/js/groups.js HTTP/1.1" 200 6066
127.0.0.1 - - [30/Aug/2017:16:59:33 +0530] "GET /mdw/js/roles.js HTTP/1.1" 200 5581
127.0.0.1 - - [30/Aug/2017:16:59:33 +0530] "GET /mdw/js/assets.js HTTP/1.1" 200 15219
127.0.0.1 - - [30/Aug/2017:16:59:33 +0530] "GET /mdw/js/tests.js HTTP/1.1" 200 18015
127.0.0.1 - - [30/Aug/2017:16:59:33 +0530] "GET /mdw/js/system/system.js HTTP/1.1" 200 1472
127.0.0.1 - - [30/Aug/2017:16:59:33 +0530] "GET /mdw/js/system/message.js HTTP/1.1" 200 5104
127.0.0.1 - - [30/Aug/2017:16:59:33 +0530] "GET /mdw/js/tasks/tasks.js HTTP/1.1" 200 9991
127.0.0.1 - - [30/Aug/2017:16:59:33 +0530] "GET /mdw/js/tasks/task.js HTTP/1.1" 200 23868
127.0.0.1 - - [30/Aug/2017:16:59:33 +0530] "GET /mdw/js/workflow/activities.js HTTP/1.1" 200 9045
127.0.0.1 - - [30/Aug/2017:16:59:33 +0530] "GET /mdw/js/services.js HTTP/1.1" 200 5463
127.0.0.1 - - [30/Aug/2017:16:59:33 +0530] "GET /mdw/js/workflow/processes.js HTTP/1.1" 200 13234
127.0.0.1 - - [30/Aug/2017:16:59:33 +0530] "GET /mdw/js/workflow/solutions.js HTTP/1.1" 200 9834
127.0.0.1 - - [30/Aug/2017:16:59:33 +0530] "GET /mdw/js/requests.js HTTP/1.1" 200 5959
127.0.0.1 - - [30/Aug/2017:16:59:33 +0530] "GET /mdw/js/edit.js HTTP/1.1" 200 6828
127.0.0.1 - - [30/Aug/2017:16:59:33 +0530] "GET /mdw/js/ui/chart.js HTTP/1.1" 200 16141
127.0.0.1 - - [30/Aug/2017:16:59:33 +0530] "GET /mdw/js/ui/panel.js HTTP/1.1" 200 294
127.0.0.1 - - [30/Aug/2017:16:59:33 +0530] "GET /mdw/js/ui/list.js HTTP/1.1" 200 4531
127.0.0.1 - - [30/Aug/2017:16:59:33 +0530] "GET /mdw/js/ui/actions.js HTTP/1.1" 200 2565
127.0.0.1 - - [30/Aug/2017:16:59:33 +0530] "GET /mdw/js/ui/values.js HTTP/1.1" 200 3235
127.0.0.1 - - [30/Aug/2017:16:59:33 +0530] "GET /mdw/js/ui/workflow.js HTTP/1.1" 200 44451
127.0.0.1 - - [30/Aug/2017:16:59:33 +0530] "GET /mdw/js/ui/label.js HTTP/1.1" 200 2196
127.0.0.1 - - [30/Aug/2017:16:59:33 +0530] "GET /mdw/js/ui/shape.js HTTP/1.1" 200 4867
127.0.0.1 - - [30/Aug/2017:16:59:33 +0530] "GET /mdw/js/ui/step.js HTTP/1.1" 200 6786
127.0.0.1 - - [30/Aug/2017:16:59:33 +0530] "GET /mdw/js/ui/subflow.js HTTP/1.1" 200 9356
127.0.0.1 - - [30/Aug/2017:16:59:33 +0530] "GET /mdw/js/ui/note.js HTTP/1.1" 200 2612
127.0.0.1 - - [30/Aug/2017:16:59:33 +0530] "GET /mdw/js/ui/marquee.js HTTP/1.1" 200 2472
127.0.0.1 - - [30/Aug/2017:16:59:33 +0530] "GET /mdw/js/ui/link.js HTTP/1.1" 200 32335
127.0.0.1 - - [30/Aug/2017:16:59:33 +0530] "GET /mdw/js/ui/drawing-constants.js HTTP/1.1" 200 552
127.0.0.1 - - [30/Aug/2017:16:59:33 +0530] "GET /mdw/js/ui/inspector.js HTTP/1.1" 200 22233
127.0.0.1 - - [30/Aug/2017:16:59:33 +0530] "GET /mdw/js/ui/toolbox.js HTTP/1.1" 200 3511
127.0.0.1 - - [30/Aug/2017:16:59:33 +0530] "GET /mdw/js/ui/compatibility.js HTTP/1.1" 200 1965
127.0.0.1 - - [30/Aug/2017:16:59:33 +0530] "GET /mdw/js/ui/editor.js HTTP/1.1" 200 6959
127.0.0.1 - - [30/Aug/2017:16:59:33 +0530] "GET /mdw/js/ui/configurator.js HTTP/1.1" 200 21006
127.0.0.1 - - [30/Aug/2017:16:59:33 +0530] "GET /mdw/js/ui/inspector-tabs.js HTTP/1.1" 200 13015
127.0.0.1 - - [30/Aug/2017:16:59:33 +0530] "GET /mdw/js/ui/ui-util.js HTTP/1.1" 200 3509
127.0.0.1 - - [30/Aug/2017:16:59:33 +0530] "GET /mdw/js/ui/swagger.js HTTP/1.1" 200 683
127.0.0.1 - - [30/Aug/2017:16:59:33 +0530] "GET /mdw/js/ui/task.js HTTP/1.1" 200 7105
127.0.0.1 - - [30/Aug/2017:16:59:33 +0530] "GET /mdw/js/dashboard/requests.js HTTP/1.1" 200 690
127.0.0.1 - - [30/Aug/2017:16:59:33 +0530] "GET /mdw/js/ui/converters/object-table.js HTTP/1.1" 200 1265
127.0.0.1 - - [30/Aug/2017:16:59:33 +0530] "GET /mdw/js/dashboard/processes.js HTTP/1.1" 200 1188
127.0.0.1 - - [30/Aug/2017:16:59:33 +0530] "GET /mdw/js/dashboard/activities.js HTTP/1.1" 200 995
127.0.0.1 - - [30/Aug/2017:16:59:33 +0530] "GET /mdw/js/dashboard/tasks.js HTTP/1.1" 200 1259
127.0.0.1 - - [30/Aug/2017:16:59:33 +0530] "GET /mdw/lib/swagger-ui/swagger-ui-standalone-preset.js HTTP/1.1" 200 250378
127.0.0.1 - - [30/Aug/2017:16:59:33 +0530] "GET /mdw/lib/swagger-ui/swagger-ui-bundle.js HTTP/1.1" 200 1273732
127.0.0.1 - - [30/Aug/2017:16:59:36 +0530] "GET /mdw/images/mdw.ico HTTP/1.1" 200 4406
127.0.0.1 - - [30/Aug/2017:16:59:36 +0530] "GET /mdw/Services/Users/mdwapp HTTP/1.1" 200 321
127.0.0.1 - - [30/Aug/2017:16:59:36 +0530] "GET /mdw/layout/footer.html HTTP/1.1" 200 107
127.0.0.1 - - [30/Aug/2017:16:59:36 +0530] "GET /mdw/layout/header.html HTTP/1.1" 200 1472
127.0.0.1 - - [30/Aug/2017:16:59:36 +0530] "GET /mdw/layout/tabs.html HTTP/1.1" 200 688
127.0.0.1 - - [30/Aug/2017:16:59:36 +0530] "GET /mdw/service/services.html HTTP/1.1" 200 658
127.0.0.1 - - [30/Aug/2017:16:59:36 +0530] "GET /mdw/images/mdw.png HTTP/1.1" 200 16680
127.0.0.1 - - [30/Aug/2017:16:59:36 +0530] "GET /mdw/images/user.png HTTP/1.1" 200 599
127.0.0.1 - - [30/Aug/2017:16:59:36 +0530] "GET /mdw/images/hub_logo.png HTTP/1.1" 200 9402
127.0.0.1 - - [30/Aug/2017:16:59:36 +0530] "GET /mdw/images/hub_loading.gif HTTP/1.1" 200 6855
127.0.0.1 - - [30/Aug/2017:16:59:36 +0530] "GET /mdw/images/hub.png HTTP/1.1" 200 1312
127.0.0.1 - - [30/Aug/2017:16:59:36 +0530] "GET /mdw/images/tab_spacer.png HTTP/1.1" 200 352
127.0.0.1 - - [30/Aug/2017:16:59:36 +0530] "GET /mdw/images/ctl.gif HTTP/1.1" 200 3231
127.0.0.1 - - [30/Aug/2017:16:59:36 +0530] "GET /mdw/images/tab_sel.png HTTP/1.1" 200 226
127.0.0.1 - - [30/Aug/2017:16:59:36 +0530] "GET /mdw/layout/service-nav.html HTTP/1.1" 200 303
127.0.0.1 - - [30/Aug/2017:16:59:38 +0530] "GET /mdw/api HTTP/1.1" 200 89596
127.0.0.1 - - [30/Aug/2017:16:59:42 +0530] "GET /mdw/service/swagger.html HTTP/1.1" 200 3971
127.0.0.1 - - [30/Aug/2017:16:59:42 +0530] "GET /mdw/api/QbatMicroService.createNoEbillAdjustment.json HTTP/1.1" 200 4575
127.0.0.1 - - [30/Aug/2017:16:59:42 +0530] "GET /mdw/ui/swagger.html HTTP/1.1" 200 2218
127.0.0.1 - - [30/Aug/2017:16:59:42 +0530] "GET /mdw/api/QbatMicroService.createNoEbillAdjustment.yaml HTTP/1.1" 200 3853
127.0.0.1 - - [30/Aug/2017:16:59:42 +0530] "GET /mdw/lib/swagger-ui/fonts/open-sans-v13-greek_latin_greek-ext_cyrillic_vietnamese_latin-ext_cyrillic-ext-regular.woff HTTP/1.1" 200 96116
127.0.0.1 - - [30/Aug/2017:16:59:42 +0530] "GET /mdw/lib/swagger-ui/fonts/open-sans-v13-greek_latin_greek-ext_cyrillic_vietnamese_latin-ext_cyrillic-ext-700.woff HTTP/1.1" 200 98780
127.0.0.1 - - [30/Aug/2017:16:59:42 +0530] "GET /mdw/Services/Assets?app=mdw-admin HTTP/1.1" 200 1676
127.0.0.1 - - [30/Aug/2017:16:59:43 +0530] "GET /mdw/lib/swagger-ui/fonts/source-code-pro-v6-latin_latin-ext-300.woff HTTP/1.1" 200 23744
127.0.0.1 - - [30/Aug/2017:16:59:43 +0530] "GET /mdw/lib/swagger-ui/fonts/titillium-web-v5-latin_latin-ext-regular.eot? HTTP/1.1" 200 21122
127.0.0.1 - - [30/Aug/2017:16:59:43 +0530] "GET /mdw/lib/swagger-ui/fonts/titillium-web-v5-latin_latin-ext-700.eot? HTTP/1.1" 200 19900
127.0.0.1 - - [30/Aug/2017:16:59:43 +0530] "GET /mdw/lib/swagger-ui/fonts/titillium-web-v5-latin_latin-ext-600.eot? HTTP/1.1" 200 20918
127.0.0.1 - - [30/Aug/2017:16:59:43 +0530] "GET /mdw/lib/swagger-ui/fonts/source-code-pro-v6-latin_latin-ext-600.woff HTTP/1.1" 200 23400
127.0.0.1 - - [30/Aug/2017:16:59:46 +0530] "GET /mdw/system/sysInfo.html HTTP/1.1" 200 1755
127.0.0.1 - - [30/Aug/2017:16:59:46 +0530] "GET /mdw/layout/system-nav.html HTTP/1.1" 200 519
127.0.0.1 - - [30/Aug/2017:16:59:46 +0530] "GET /mdw/Services/System/System?app=mdw-admin HTTP/1.1" 200 21830
127.0.0.1 - - [30/Aug/2017:16:59:46 +0530] "GET /mdw/lib/bootstrap-css-only/fonts/glyphicons-halflings-regular.eot? HTTP/1.1" 200 20127
127.0.0.1 - - [30/Aug/2017:16:59:48 +0530] "GET /mdw/system/message.html HTTP/1.1" 200 8425
127.0.0.1 - - [30/Aug/2017:16:59:48 +0530] "GET /mdw/services/Values/SYSTEM/mdwProperties?app=mdw-admin HTTP/1.1" 200 1284
0:0:0:0:0:0:0:1 - - [30/Aug/2017:17:00:14 +0530] "GET /mdw/ HTTP/1.1" 200 5164
0:0:0:0:0:0:0:1 - - [30/Aug/2017:17:00:14 +0530] "GET /mdw/lib/highlightjs/styles/default.css HTTP/1.1" 200 1159
0:0:0:0:0:0:0:1 - - [30/Aug/2017:17:00:14 +0530] "GET /mdw/css/mdw.css HTTP/1.1" 200 20779
0:0:0:0:0:0:0:1 - - [30/Aug/2017:17:00:14 +0530] "GET /mdw/css/mdw-hub.css HTTP/1.1" 200 6998
0:0:0:0:0:0:0:1 - - [30/Aug/2017:17:00:14 +0530] "GET /mdw/css/mdw-admin.css HTTP/1.1" 200 22285
0:0:0:0:0:0:0:1 - - [30/Aug/2017:17:00:14 +0530] "GET /mdw/lib/swagger-ui/swagger-ui.css HTTP/1.1" 200 26383
0:0:0:0:0:0:0:1 - - [30/Aug/2017:17:00:14 +0530] "GET /mdw/lib/bootstrap-css-only/css/bootstrap.css HTTP/1.1" 200 146010
0:0:0:0:0:0:0:1 - - [30/Aug/2017:17:00:14 +0530] "GET /mdw/lib/swagger-ui/fonts.css HTTP/1.1" 200 4540
0:0:0:0:0:0:0:1 - - [30/Aug/2017:17:00:14 +0530] "GET /mdw/lib/angular-animate/angular-animate.min.js HTTP/1.1" 200 25532
0:0:0:0:0:0:0:1 - - [30/Aug/2017:17:00:14 +0530] "GET /mdw/lib/angular-touch/angular-touch.min.js HTTP/1.1" 200 3589
0:0:0:0:0:0:0:1 - - [30/Aug/2017:17:00:14 +0530] "GET /mdw/lib/angular-route/angular-route.min.js HTTP/1.1" 200 4390
0:0:0:0:0:0:0:1 - - [30/Aug/2017:17:00:14 +0530] "GET /mdw/lib/angular/angular.min.js HTTP/1.1" 200 147735
0:0:0:0:0:0:0:1 - - [30/Aug/2017:17:00:14 +0530] "GET /mdw/lib/angular-resource/angular-resource.min.js HTTP/1.1" 200 3678
0:0:0:0:0:0:0:1 - - [30/Aug/2017:17:00:14 +0530] "GET /mdw/lib/angular-sanitize/angular-sanitize.min.js HTTP/1.1" 200 6027
0:0:0:0:0:0:0:1 - - [30/Aug/2017:17:00:14 +0530] "GET /mdw/lib/angular-websocket/dist/angular-websocket.min.js HTTP/1.1" 200 7179
0:0:0:0:0:0:0:1 - - [30/Aug/2017:17:00:14 +0530] "GET /mdw/lib/jsdiff/diff.min.js HTTP/1.1" 200 22855
0:0:0:0:0:0:0:1 - - [30/Aug/2017:17:00:14 +0530] "GET /mdw/lib/angular-cookies/angular-cookies.min.js HTTP/1.1" 200 1444
0:0:0:0:0:0:0:1 - - [30/Aug/2017:17:00:14 +0530] "GET /mdw/lib/angular-bootstrap/ui-bootstrap-tpls.min.js HTTP/1.1" 200 132410
0:0:0:0:0:0:0:1 - - [30/Aug/2017:17:00:14 +0530] "GET /mdw/lib/Chart.js/dist/Chart.min.js HTTP/1.1" 200 139378
0:0:0:0:0:0:0:1 - - [30/Aug/2017:17:00:14 +0530] "GET /mdw/lib/ace-builds/src-min-noconflict/ace.min.js HTTP/1.1" 200 354781
0:0:0:0:0:0:0:1 - - [30/Aug/2017:17:00:14 +0530] "GET /mdw/lib/ng-infinite-scroll-1.2.0.js HTTP/1.1" 200 10072
0:0:0:0:0:0:0:1 - - [30/Aug/2017:17:00:14 +0530] "GET /mdw/lib/angular-chart.js HTTP/1.1" 200 11670
0:0:0:0:0:0:0:1 - - [30/Aug/2017:17:00:14 +0530] "GET /mdw/lib/highlightjs/highlight.pack.js HTTP/1.1" 200 721472
0:0:0:0:0:0:0:1 - - [30/Aug/2017:17:00:14 +0530] "GET /mdw/lib/marked-0.3.6.js HTTP/1.1" 200 28664
0:0:0:0:0:0:0:1 - - [30/Aug/2017:17:00:14 +0530] "GET /mdw/js/util.js HTTP/1.1" 200 9868
0:0:0:0:0:0:0:1 - - [30/Aug/2017:17:00:14 +0530] "GET /mdw/js/mdw.js HTTP/1.1" 200 1991
0:0:0:0:0:0:0:1 - - [30/Aug/2017:17:00:14 +0530] "GET /mdw/js/constants.js HTTP/1.1" 200 2846
0:0:0:0:0:0:0:1 - - [30/Aug/2017:17:00:14 +0530] "GET /mdw/js/admin.js HTTP/1.1" 200 12408
0:0:0:0:0:0:0:1 - - [30/Aug/2017:17:00:14 +0530] "GET /mdw/js/tabs.js HTTP/1.1" 200 1225
0:0:0:0:0:0:0:1 - - [30/Aug/2017:17:00:14 +0530] "GET /mdw/js/routes.js HTTP/1.1" 200 10337
0:0:0:0:0:0:0:1 - - [30/Aug/2017:17:00:14 +0530] "GET /mdw/js/groups.js HTTP/1.1" 200 6066
0:0:0:0:0:0:0:1 - - [30/Aug/2017:17:00:14 +0530] "GET /mdw/js/authUser.js HTTP/1.1" 200 4792
0:0:0:0:0:0:0:1 - - [30/Aug/2017:17:00:14 +0530] "GET /mdw/js/assets.js HTTP/1.1" 200 15219
0:0:0:0:0:0:0:1 - - [30/Aug/2017:17:00:14 +0530] "GET /mdw/js/roles.js HTTP/1.1" 200 5581
0:0:0:0:0:0:0:1 - - [30/Aug/2017:17:00:14 +0530] "GET /mdw/js/users.js HTTP/1.1" 200 9294
0:0:0:0:0:0:0:1 - - [30/Aug/2017:17:00:14 +0530] "GET /mdw/js/tests.js HTTP/1.1" 200 18015
0:0:0:0:0:0:0:1 - - [30/Aug/2017:17:00:14 +0530] "GET /mdw/js/workflow/processes.js HTTP/1.1" 200 13234
0:0:0:0:0:0:0:1 - - [30/Aug/2017:17:00:14 +0530] "GET /mdw/js/tasks/tasks.js HTTP/1.1" 200 9991
0:0:0:0:0:0:0:1 - - [30/Aug/2017:17:00:14 +0530] "GET /mdw/js/tasks/task.js HTTP/1.1" 200 23868
0:0:0:0:0:0:0:1 - - [30/Aug/2017:17:00:14 +0530] "GET /mdw/js/system/message.js HTTP/1.1" 200 5104
0:0:0:0:0:0:0:1 - - [30/Aug/2017:17:00:14 +0530] "GET /mdw/js/system/system.js HTTP/1.1" 200 1472
0:0:0:0:0:0:0:1 - - [30/Aug/2017:17:00:14 +0530] "GET /mdw/js/services.js HTTP/1.1" 200 5463
0:0:0:0:0:0:0:1 - - [30/Aug/2017:17:00:14 +0530] "GET /mdw/js/workflow/solutions.js HTTP/1.1" 200 9834
0:0:0:0:0:0:0:1 - - [30/Aug/2017:17:00:14 +0530] "GET /mdw/js/workflow/activities.js HTTP/1.1" 200 9045
0:0:0:0:0:0:0:1 - - [30/Aug/2017:17:00:14 +0530] "GET /mdw/js/requests.js HTTP/1.1" 200 5959
0:0:0:0:0:0:0:1 - - [30/Aug/2017:17:00:14 +0530] "GET /mdw/js/edit.js HTTP/1.1" 200 6828
0:0:0:0:0:0:0:1 - - [30/Aug/2017:17:00:14 +0530] "GET /mdw/js/ui/chart.js HTTP/1.1" 200 16141
0:0:0:0:0:0:0:1 - - [30/Aug/2017:17:00:14 +0530] "GET /mdw/js/ui/actions.js HTTP/1.1" 200 2565
0:0:0:0:0:0:0:1 - - [30/Aug/2017:17:00:14 +0530] "GET /mdw/js/ui/panel.js HTTP/1.1" 200 294
0:0:0:0:0:0:0:1 - - [30/Aug/2017:17:00:14 +0530] "GET /mdw/js/ui/values.js HTTP/1.1" 200 3235
0:0:0:0:0:0:0:1 - - [30/Aug/2017:17:00:14 +0530] "GET /mdw/js/ui/list.js HTTP/1.1" 200 4531
0:0:0:0:0:0:0:1 - - [30/Aug/2017:17:00:14 +0530] "GET /mdw/js/ui/label.js HTTP/1.1" 200 2196
0:0:0:0:0:0:0:1 - - [30/Aug/2017:17:00:14 +0530] "GET /mdw/js/ui/workflow.js HTTP/1.1" 200 44451
0:0:0:0:0:0:0:1 - - [30/Aug/2017:17:00:14 +0530] "GET /mdw/js/ui/shape.js HTTP/1.1" 200 4867
0:0:0:0:0:0:0:1 - - [30/Aug/2017:17:00:14 +0530] "GET /mdw/js/ui/step.js HTTP/1.1" 200 6786
0:0:0:0:0:0:0:1 - - [30/Aug/2017:17:00:14 +0530] "GET /mdw/js/ui/marquee.js HTTP/1.1" 200 2472
0:0:0:0:0:0:0:1 - - [30/Aug/2017:17:00:14 +0530] "GET /mdw/js/ui/subflow.js HTTP/1.1" 200 9356
0:0:0:0:0:0:0:1 - - [30/Aug/2017:17:00:14 +0530] "GET /mdw/js/ui/note.js HTTP/1.1" 200 2612
0:0:0:0:0:0:0:1 - - [30/Aug/2017:17:00:14 +0530] "GET /mdw/js/ui/link.js HTTP/1.1" 200 32335
0:0:0:0:0:0:0:1 - - [30/Aug/2017:17:00:14 +0530] "GET /mdw/js/ui/toolbox.js HTTP/1.1" 200 3511
0:0:0:0:0:0:0:1 - - [30/Aug/2017:17:00:14 +0530] "GET /mdw/js/ui/drawing-constants.js HTTP/1.1" 200 552
0:0:0:0:0:0:0:1 - - [30/Aug/2017:17:00:14 +0530] "GET /mdw/js/ui/compatibility.js HTTP/1.1" 200 1965
0:0:0:0:0:0:0:1 - - [30/Aug/2017:17:00:14 +0530] "GET /mdw/js/ui/inspector.js HTTP/1.1" 200 22233
0:0:0:0:0:0:0:1 - - [30/Aug/2017:17:00:14 +0530] "GET /mdw/js/ui/inspector-tabs.js HTTP/1.1" 200 13015
0:0:0:0:0:0:0:1 - - [30/Aug/2017:17:00:14 +0530] "GET /mdw/js/ui/configurator.js HTTP/1.1" 200 21006
0:0:0:0:0:0:0:1 - - [30/Aug/2017:17:00:14 +0530] "GET /mdw/js/ui/task.js HTTP/1.1" 200 7105
0:0:0:0:0:0:0:1 - - [30/Aug/2017:17:00:14 +0530] "GET /mdw/js/dashboard/processes.js HTTP/1.1" 200 1188
0:0:0:0:0:0:0:1 - - [30/Aug/2017:17:00:14 +0530] "GET /mdw/js/ui/converters/object-table.js HTTP/1.1" 200 1265
0:0:0:0:0:0:0:1 - - [30/Aug/2017:17:00:14 +0530] "GET /mdw/js/ui/editor.js HTTP/1.1" 200 6959
0:0:0:0:0:0:0:1 - - [30/Aug/2017:17:00:14 +0530] "GET /mdw/js/ui/swagger.js HTTP/1.1" 200 683
0:0:0:0:0:0:0:1 - - [30/Aug/2017:17:00:14 +0530] "GET /mdw/js/ui/ui-util.js HTTP/1.1" 200 3509
0:0:0:0:0:0:0:1 - - [30/Aug/2017:17:00:14 +0530] "GET /mdw/js/dashboard/requests.js HTTP/1.1" 200 690
0:0:0:0:0:0:0:1 - - [30/Aug/2017:17:00:14 +0530] "GET /mdw/js/dashboard/tasks.js HTTP/1.1" 200 1259
0:0:0:0:0:0:0:1 - - [30/Aug/2017:17:00:14 +0530] "GET /mdw/js/dashboard/activities.js HTTP/1.1" 200 995
0:0:0:0:0:0:0:1 - - [30/Aug/2017:17:00:14 +0530] "GET /mdw/lib/swagger-ui/swagger-ui-standalone-preset.js HTTP/1.1" 200 250378
0:0:0:0:0:0:0:1 - - [30/Aug/2017:17:00:14 +0530] "GET /mdw/lib/swagger-ui/swagger-ui-bundle.js HTTP/1.1" 200 1273732
0:0:0:0:0:0:0:1 - - [30/Aug/2017:17:00:15 +0530] "GET /mdw/images/mdw.ico HTTP/1.1" 200 4406
0:0:0:0:0:0:0:1 - - [30/Aug/2017:17:00:15 +0530] "GET /mdw/Services/Users/mdwapp HTTP/1.1" 200 321
0:0:0:0:0:0:0:1 - - [30/Aug/2017:17:00:15 +0530] "GET /mdw/layout/footer.html HTTP/1.1" 200 107
0:0:0:0:0:0:0:1 - - [30/Aug/2017:17:00:15 +0530] "GET /mdw/system/message.html HTTP/1.1" 200 8425
0:0:0:0:0:0:0:1 - - [30/Aug/2017:17:00:15 +0530] "GET /mdw/layout/tabs.html HTTP/1.1" 200 688
0:0:0:0:0:0:0:1 - - [30/Aug/2017:17:00:15 +0530] "GET /mdw/layout/header.html HTTP/1.1" 200 1472
0:0:0:0:0:0:0:1 - - [30/Aug/2017:17:00:15 +0530] "GET /mdw/images/tab_spacer.png HTTP/1.1" 200 352
0:0:0:0:0:0:0:1 - - [30/Aug/2017:17:00:15 +0530] "GET /mdw/images/tab_sel.png HTTP/1.1" 200 226
0:0:0:0:0:0:0:1 - - [30/Aug/2017:17:00:15 +0530] "GET /mdw/layout/system-nav.html HTTP/1.1" 200 519
0:0:0:0:0:0:0:1 - - [30/Aug/2017:17:00:15 +0530] "GET /mdw/images/hub_logo.png HTTP/1.1" 200 9402
0:0:0:0:0:0:0:1 - - [30/Aug/2017:17:00:15 +0530] "GET /mdw/images/hub_loading.gif HTTP/1.1" 200 6855
0:0:0:0:0:0:0:1 - - [30/Aug/2017:17:00:15 +0530] "GET /mdw/images/hub.png HTTP/1.1" 200 1312
0:0:0:0:0:0:0:1 - - [30/Aug/2017:17:00:15 +0530] "GET /mdw/images/mdw.png HTTP/1.1" 200 16680
0:0:0:0:0:0:0:1 - - [30/Aug/2017:17:00:15 +0530] "GET /mdw/services/Values/SYSTEM/mdwProperties?app=mdw-admin HTTP/1.1" 200 1284
0:0:0:0:0:0:0:1 - - [30/Aug/2017:17:00:15 +0530] "GET /mdw/lib/bootstrap-css-only/fonts/glyphicons-halflings-regular.woff2 HTTP/1.1" 200 18028
0:0:0:0:0:0:0:1 - - [30/Aug/2017:17:00:15 +0530] "GET /mdw/images/ctl.gif HTTP/1.1" 200 3231
0:0:0:0:0:0:0:1 - - [30/Aug/2017:17:00:15 +0530] "GET /mdw/images/user.png HTTP/1.1" 200 599
0:0:0:0:0:0:0:1 - - [30/Aug/2017:17:00:27 +0530] "GET /mdw/service/services.html HTTP/1.1" 200 658
0:0:0:0:0:0:0:1 - - [30/Aug/2017:17:00:27 +0530] "GET /mdw/layout/service-nav.html HTTP/1.1" 200 303
0:0:0:0:0:0:0:1 - - [30/Aug/2017:17:00:28 +0530] "GET /mdw/api HTTP/1.1" 200 89596
0:0:0:0:0:0:0:1 - - [30/Aug/2017:17:00:31 +0530] "GET /mdw/service/swagger.html HTTP/1.1" 200 3971
0:0:0:0:0:0:0:1 - - [30/Aug/2017:17:00:32 +0530] "GET /mdw/ui/swagger.html HTTP/1.1" 200 2218
0:0:0:0:0:0:0:1 - - [30/Aug/2017:17:00:32 +0530] "GET /mdw/api/QbatMicroService.createNoEbillAdjustment.json HTTP/1.1" 200 4575
0:0:0:0:0:0:0:1 - - [30/Aug/2017:17:00:32 +0530] "GET /mdw/api/QbatMicroService.createNoEbillAdjustment.json HTTP/1.1" 200 4575
0:0:0:0:0:0:0:1 - - [30/Aug/2017:17:00:32 +0530] "GET /mdw/api/QbatMicroService.createNoEbillAdjustment.yaml HTTP/1.1" 200 3853
0:0:0:0:0:0:0:1 - - [30/Aug/2017:17:00:32 +0530] "GET /mdw/Services/Assets?app=mdw-admin HTTP/1.1" 200 1676
0:0:0:0:0:0:0:1 - - [30/Aug/2017:17:00:33 +0530] "GET /mdw/lib/swagger-ui/fonts/titillium-web-v5-latin_latin-ext-700.woff2 HTTP/1.1" 200 16444
0:0:0:0:0:0:0:1 - - [30/Aug/2017:17:00:33 +0530] "GET /mdw/lib/swagger-ui/fonts/source-code-pro-v6-latin_latin-ext-600.woff2 HTTP/1.1" 200 18204
0:0:0:0:0:0:0:1 - - [30/Aug/2017:17:00:33 +0530] "GET /mdw/lib/swagger-ui/fonts/titillium-web-v5-latin_latin-ext-600.woff2 HTTP/1.1" 200 17112
0:0:0:0:0:0:0:1 - - [30/Aug/2017:17:00:33 +0530] "GET /mdw/lib/swagger-ui/fonts/titillium-web-v5-latin_latin-ext-regular.woff2 HTTP/1.1" 200 17276
0:0:0:0:0:0:0:1 - - [30/Aug/2017:17:00:33 +0530] "GET /mdw/lib/swagger-ui/fonts/open-sans-v13-greek_latin_greek-ext_cyrillic_vietnamese_latin-ext_cyrillic-ext-regular.woff2 HTTP/1.1" 200 61980
0:0:0:0:0:0:0:1 - - [30/Aug/2017:17:00:34 +0530] "GET /mdw/lib/swagger-ui/fonts/open-sans-v13-greek_latin_greek-ext_cyrillic_vietnamese_latin-ext_cyrillic-ext-700.woff2 HTTP/1.1" 200 63732
0:0:0:0:0:0:0:1 - - [30/Aug/2017:17:00:49 +0530] "GET /mdw/ HTTP/1.1" 200 5164
0:0:0:0:0:0:0:1 - - [30/Aug/2017:17:00:50 +0530] "GET /mdw/Services/Users/mdwapp HTTP/1.1" 200 321
0:0:0:0:0:0:0:1 - - [30/Aug/2017:17:00:50 +0530] "GET /mdw/services/Values/SYSTEM/mdwProperties?app=mdw-admin HTTP/1.1" 200 1284
0:0:0:0:0:0:0:1 - - [30/Aug/2017:17:01:21 +0530] "POST /mdw/Services/HttpMessages?app=mdw-admin HTTP/1.1" 200 1255
0:0:0:0:0:0:0:1 - - [30/Aug/2017:17:02:24 +0530] "POST /mdw/Services/HttpMessages?app=mdw-admin HTTP/1.1" 200 1253
0:0:0:0:0:0:0:1 - - [30/Aug/2017:17:03:04 +0530] "POST /mdw/Services/HttpMessages?app=mdw-admin HTTP/1.1" 200 1253
127.0.0.1 - - [30/Aug/2017:17:03:44 +0530] "POST /mdw/services/QbatMicroService/createNoEbillAdjustment HTTP/1.1" 200 508
0:0:0:0:0:0:0:1 - - [30/Aug/2017:17:03:44 +0530] "POST /mdw/Services/HttpMessages?app=mdw-admin HTTP/1.1" 200 657
127.0.0.1 - - [30/Aug/2017:17:07:26 +0530] "POST /mdw/services/QbatMicroService/createNoEbillAdjustment HTTP/1.1" 200 508
0:0:0:0:0:0:0:1 - - [30/Aug/2017:17:07:26 +0530] "POST /mdw/Services/HttpMessages?app=mdw-admin HTTP/1.1" 200 657
127.0.0.1 - - [30/Aug/2017:17:07:34 +0530] "POST /mdw/services/QbatMicroService/createNoEbillAdjustment HTTP/1.1" 200 510
0:0:0:0:0:0:0:1 - - [30/Aug/2017:17:07:34 +0530] "POST /mdw/Services/HttpMessages?app=mdw-admin HTTP/1.1" 200 659
127.0.0.1 - - [30/Aug/2017:17:07:48 +0530] "POST /mdw/services/QbatMicroService/createNoEbillAdjustment HTTP/1.1" 200 510
0:0:0:0:0:0:0:1 - - [30/Aug/2017:17:07:48 +0530] "POST /mdw/Services/HttpMessages?app=mdw-admin HTTP/1.1" 200 659
127.0.0.1 - - [30/Aug/2017:17:10:36 +0530] "GET / HTTP/1.1" 404 -
127.0.0.1 - - [30/Aug/2017:17:11:09 +0530] "GET /mdw/Services/SystemInfo?type=threadDumpCount&format=text HTTP/1.1" 404 -
127.0.0.1 - - [30/Aug/2017:17:12:01 +0530] "POST /mdw/services/QbatMicroService/createNoEbillAdjustment HTTP/1.1" 200 510
0:0:0:0:0:0:0:1 - - [30/Aug/2017:17:12:01 +0530] "POST /mdw/Services/HttpMessages?app=mdw-admin HTTP/1.1" 200 659
127.0.0.1 - - [30/Aug/2017:17:18:46 +0530] "POST /mdw/services/QbatMicroService/createNoEbillAdjustment HTTP/1.1" 200 510
0:0:0:0:0:0:0:1 - - [30/Aug/2017:17:18:46 +0530] "POST /mdw/Services/HttpMessages?app=mdw-admin HTTP/1.1" 200 659
127.0.0.1 - - [30/Aug/2017:17:19:23 +0530] "POST /mdw/services/QbatMicroService/createNoEbillAdjustment HTTP/1.1" 200 510
0:0:0:0:0:0:0:1 - - [30/Aug/2017:17:19:23 +0530] "POST /mdw/Services/HttpMessages?app=mdw-admin HTTP/1.1" 200 659
0:0:0:0:0:0:0:1 - - [30/Aug/2017:17:20:26 +0530] "GET /mdw/ HTTP/1.1" 200 5164
0:0:0:0:0:0:0:1 - - [30/Aug/2017:17:20:33 +0530] "GET /mdw/ HTTP/1.1" 200 5164
0:0:0:0:0:0:0:1 - - [30/Aug/2017:17:20:34 +0530] "GET /mdw/images/mdw.ico HTTP/1.1" 200 4406
0:0:0:0:0:0:0:1 - - [30/Aug/2017:17:20:38 +0530] "GET /mdw/Services/Users/mdwapp HTTP/1.1" 200 321
0:0:0:0:0:0:0:1 - - [30/Aug/2017:17:20:38 +0530] "GET /mdw/Services/Users/mdwapp HTTP/1.1" 500 -
0:0:0:0:0:0:0:1 - - [30/Aug/2017:17:20:39 +0530] "GET /mdw/services/Values/SYSTEM/mdwProperties?app=mdw-admin HTTP/1.1" 200 1284
0:0:0:0:0:0:0:1 - - [30/Aug/2017:17:21:00 +0530] "POST /mdw/Services/HttpMessages?app=mdw-admin HTTP/1.1" 200 1253
127.0.0.1 - - [30/Aug/2017:17:21:06 +0530] "POST /mdw/services/QbatMicroService/createNoEbillAdjustment HTTP/1.1" 200 508
0:0:0:0:0:0:0:1 - - [30/Aug/2017:17:21:06 +0530] "POST /mdw/Services/HttpMessages?app=mdw-admin HTTP/1.1" 200 657
127.0.0.1 - - [30/Aug/2017:17:23:55 +0530] "POST /mdw/services/QbatMicroService/createNoEbillAdjustment HTTP/1.1" 200 510
0:0:0:0:0:0:0:1 - - [30/Aug/2017:17:23:55 +0530] "POST /mdw/Services/HttpMessages?app=mdw-admin HTTP/1.1" 200 659
0:0:0:0:0:0:0:1 - - [30/Aug/2017:17:26:55 +0530] "GET /mdw/api HTTP/1.1" 200 93778
0:0:0:0:0:0:0:1 - - [30/Aug/2017:17:27:00 +0530] "GET /mdw/api/QbatMicroService.createEbillAdjustment.json HTTP/1.1" 200 3536
0:0:0:0:0:0:0:1 - - [30/Aug/2017:17:27:00 +0530] "GET /mdw/api/QbatMicroService.createEbillAdjustment.json HTTP/1.1" 200 3536
0:0:0:0:0:0:0:1 - - [30/Aug/2017:17:27:01 +0530] "GET /mdw/api/QbatMicroService.createEbillAdjustment.yaml HTTP/1.1" 200 3061
0:0:0:0:0:0:0:1 - - [30/Aug/2017:17:27:01 +0530] "GET /mdw/Services/Assets?app=mdw-admin HTTP/1.1" 200 1676
127.0.0.1 - - [30/Aug/2017:17:27:14 +0530] "POST /mdw/services/QbatMicroService/createEbillAdjustment HTTP/1.1" 200 233
0:0:0:0:0:0:0:1 - - [30/Aug/2017:17:27:14 +0530] "POST /mdw/Services/HttpMessages?app=mdw-admin HTTP/1.1" 200 332
127.0.0.1 - - [30/Aug/2017:17:27:22 +0530] "POST /mdw/services/QbatMicroService/createEbillAdjustment HTTP/1.1" 200 233
0:0:0:0:0:0:0:1 - - [30/Aug/2017:17:27:22 +0530] "POST /mdw/Services/HttpMessages?app=mdw-admin HTTP/1.1" 200 332
127.0.0.1 - - [30/Aug/2017:17:31:25 +0530] "POST /mdw/services/QbatMicroService/createEbillAdjustment HTTP/1.1" 200 416
0:0:0:0:0:0:0:1 - - [30/Aug/2017:17:31:25 +0530] "POST /mdw/Services/HttpMessages?app=mdw-admin HTTP/1.1" 200 536
127.0.0.1 - - [30/Aug/2017:17:43:41 +0530] "POST /mdw/services/QbatMicroService/createEbillAdjustment HTTP/1.1" 200 416
0:0:0:0:0:0:0:1 - - [30/Aug/2017:17:43:41 +0530] "POST /mdw/Services/HttpMessages?app=mdw-admin HTTP/1.1" 200 536
127.0.0.1 - - [30/Aug/2017:17:48:08 +0530] "POST /mdw/services/QbatMicroService/computeEbillTax HTTP/1.1" 200 416
0:0:0:0:0:0:0:1 - - [30/Aug/2017:17:48:09 +0530] "POST /mdw/Services/HttpMessages?app=mdw-admin HTTP/1.1" 200 536
0:0:0:0:0:0:0:1 - - [30/Aug/2017:17:53:49 +0530] "GET /mdw/ HTTP/1.1" 200 5164
0:0:0:0:0:0:0:1 - - [30/Aug/2017:17:53:50 +0530] "GET /mdw/Services/Users/mdwapp HTTP/1.1" 200 321
0:0:0:0:0:0:0:1 - - [30/Aug/2017:17:53:50 +0530] "GET /mdw/workflow/processes.html HTTP/1.1" 200 3682
0:0:0:0:0:0:0:1 - - [30/Aug/2017:17:53:50 +0530] "GET /mdw/ui/list.html HTTP/1.1" 200 248
0:0:0:0:0:0:0:1 - - [30/Aug/2017:17:53:50 +0530] "GET /mdw/ui/mdw-actions.html HTTP/1.1" 200 436
0:0:0:0:0:0:0:1 - - [30/Aug/2017:17:53:50 +0530] "GET /mdw/ui/action-pop-button.html HTTP/1.1" 200 66
0:0:0:0:0:0:0:1 - - [30/Aug/2017:17:53:50 +0530] "GET /mdw/layout/workflow-nav.html HTTP/1.1" 200 517
0:0:0:0:0:0:0:1 - - [30/Aug/2017:17:53:50 +0530] "GET /mdw/services/Processes?app=mdw-admin&start=0&max=50&master=true&status=[Active]&sort=startDate&descending=true HTTP/1.1" 200 19097
0:0:0:0:0:0:0:1 - - [30/Aug/2017:17:53:50 +0530] "GET /mdw/workflow/processItem.html HTTP/1.1" 200 1119
0:0:0:0:0:0:0:1 - - [30/Aug/2017:17:53:50 +0530] "GET /mdw/images/alert.png HTTP/1.1" 200 603
0:0:0:0:0:0:0:1 - - [30/Aug/2017:17:53:53 +0530] "GET /mdw/api HTTP/1.1" 200 93778
0:0:0:0:0:0:0:1 - - [30/Aug/2017:17:53:57 +0530] "GET /mdw/api/QbatMicroService.createNoEbillAdjustment.json HTTP/1.1" 200 4575
0:0:0:0:0:0:0:1 - - [30/Aug/2017:17:53:57 +0530] "GET /mdw/api/QbatMicroService.createNoEbillAdjustment.json HTTP/1.1" 200 4575
0:0:0:0:0:0:0:1 - - [30/Aug/2017:17:53:57 +0530] "GET /mdw/api/QbatMicroService.createNoEbillAdjustment.yaml HTTP/1.1" 200 3853
0:0:0:0:0:0:0:1 - - [30/Aug/2017:17:53:57 +0530] "GET /mdw/Services/Assets?app=mdw-admin HTTP/1.1" 200 1676
0:0:0:0:0:0:0:1 - - [30/Aug/2017:17:56:06 +0530] "GET /mdw/api HTTP/1.1" 200 93778
0:0:0:0:0:0:0:1 - - [30/Aug/2017:17:56:12 +0530] "GET /mdw/api/QbatMicroService.computeEbillTax.json HTTP/1.1" 200 3340
0:0:0:0:0:0:0:1 - - [30/Aug/2017:17:56:12 +0530] "GET /mdw/api/QbatMicroService.computeEbillTax.json HTTP/1.1" 200 3340
0:0:0:0:0:0:0:1 - - [30/Aug/2017:17:56:12 +0530] "GET /mdw/api/QbatMicroService.computeEbillTax.yaml HTTP/1.1" 200 2895
0:0:0:0:0:0:0:1 - - [30/Aug/2017:17:56:12 +0530] "GET /mdw/Services/Assets?app=mdw-admin HTTP/1.1" 200 1676
0:0:0:0:0:0:0:1 - - [30/Aug/2017:17:56:50 +0530] "GET /mdw/api HTTP/1.1" 200 93778
0:0:0:0:0:0:0:1 - - [30/Aug/2017:17:56:53 +0530] "GET /mdw/api/QbatMicroService.createEbillAdjustment.json HTTP/1.1" 200 3536
0:0:0:0:0:0:0:1 - - [30/Aug/2017:17:56:53 +0530] "GET /mdw/api/QbatMicroService.createEbillAdjustment.json HTTP/1.1" 200 3536
0:0:0:0:0:0:0:1 - - [30/Aug/2017:17:56:53 +0530] "GET /mdw/api/QbatMicroService.createEbillAdjustment.yaml HTTP/1.1" 200 3061
0:0:0:0:0:0:0:1 - - [30/Aug/2017:17:56:53 +0530] "GET /mdw/Services/Assets?app=mdw-admin HTTP/1.1" 200 1676
0:0:0:0:0:0:0:1 - - [30/Aug/2017:17:57:48 +0530] "GET /mdw/ HTTP/1.1" 200 5164
0:0:0:0:0:0:0:1 - - [30/Aug/2017:17:57:48 +0530] "GET /mdw/Services/Users/mdwapp HTTP/1.1" 200 321
0:0:0:0:0:0:0:1 - - [30/Aug/2017:17:57:49 +0530] "GET /mdw/services/Processes?app=mdw-admin&start=0&max=50&master=true&status=[Active]&sort=startDate&descending=true HTTP/1.1" 200 19097
0:0:0:0:0:0:0:1 - - [30/Aug/2017:17:57:50 +0530] "GET /mdw/services/Processes?app=mdw-admin&start=50&max=50&master=true&status=[Active]&sort=startDate&descending=true HTTP/1.1" 200 19457
0:0:0:0:0:0:0:1 - - [30/Aug/2017:17:57:53 +0530] "GET /mdw/requests/requests.html HTTP/1.1" 200 3175
0:0:0:0:0:0:0:1 - - [30/Aug/2017:17:57:53 +0530] "GET /mdw/services/Requests?app=mdw-admin&start=0&max=50&status=[Active]&sort=receivedDate&type=masterRequests&descending=true HTTP/1.1" 200 19235
0:0:0:0:0:0:0:1 - - [30/Aug/2017:17:57:53 +0530] "GET /mdw/requests/requestItem.html HTTP/1.1" 200 1449
0:0:0:0:0:0:0:1 - - [30/Aug/2017:17:57:54 +0530] "GET /mdw/workflow/activities.html HTTP/1.1" 200 3057
0:0:0:0:0:0:0:1 - - [30/Aug/2017:17:57:54 +0530] "GET /mdw/services/Activities?app=mdw-admin&start=0&max=50&status=Failed&sort=startDate&descending=true HTTP/1.1" 200 146165
0:0:0:0:0:0:0:1 - - [30/Aug/2017:17:57:54 +0530] "GET /mdw/workflow/activityItem.html HTTP/1.1" 200 1789
0:0:0:0:0:0:0:1 - - [30/Aug/2017:17:57:55 +0530] "GET /mdw/api HTTP/1.1" 200 93778
0:0:0:0:0:0:0:1 - - [30/Aug/2017:17:58:04 +0530] "GET /mdw/api/QbatMicroService.computeNoEbillTax.json HTTP/1.1" 200 4510
0:0:0:0:0:0:0:1 - - [30/Aug/2017:17:58:04 +0530] "GET /mdw/api/QbatMicroService.computeNoEbillTax.json HTTP/1.1" 200 4510
0:0:0:0:0:0:0:1 - - [30/Aug/2017:17:58:04 +0530] "GET /mdw/api/QbatMicroService.computeNoEbillTax.yaml HTTP/1.1" 200 3788
0:0:0:0:0:0:0:1 - - [30/Aug/2017:17:58:04 +0530] "GET /mdw/Services/Assets?app=mdw-admin HTTP/1.1" 200 1676
0:0:0:0:0:0:0:1 - - [30/Aug/2017:17:59:08 +0530] "GET /mdw/api HTTP/1.1" 200 93778
0:0:0:0:0:0:0:1 - - [30/Aug/2017:17:59:13 +0530] "GET /mdw/api/QbatMicroService.computeEbillTax.json HTTP/1.1" 200 3340
0:0:0:0:0:0:0:1 - - [30/Aug/2017:17:59:13 +0530] "GET /mdw/api/QbatMicroService.computeEbillTax.json HTTP/1.1" 200 3340
0:0:0:0:0:0:0:1 - - [30/Aug/2017:17:59:13 +0530] "GET /mdw/api/QbatMicroService.computeEbillTax.yaml HTTP/1.1" 200 2895
0:0:0:0:0:0:0:1 - - [30/Aug/2017:17:59:13 +0530] "GET /mdw/Services/Assets?app=mdw-admin HTTP/1.1" 200 1676
0:0:0:0:0:0:0:1 - - [30/Aug/2017:18:00:27 +0530] "GET /mdw/system/sysInfo.html HTTP/1.1" 200 1755
0:0:0:0:0:0:0:1 - - [30/Aug/2017:18:00:27 +0530] "GET /mdw/Services/System/System?app=mdw-admin HTTP/1.1" 200 21830
0:0:0:0:0:0:0:1 - - [30/Aug/2017:18:00:28 +0530] "GET /mdw/services/Values/SYSTEM/mdwProperties?app=mdw-admin HTTP/1.1" 200 1284
0:0:0:0:0:0:0:1 - - [30/Aug/2017:18:00:41 +0530] "GET /mdw/api HTTP/1.1" 200 93778
0:0:0:0:0:0:0:1 - - [30/Aug/2017:18:00:44 +0530] "GET /mdw/api/QbatMicroService.createNoEbillAdjustment.json HTTP/1.1" 200 4575
0:0:0:0:0:0:0:1 - - [30/Aug/2017:18:00:44 +0530] "GET /mdw/api/QbatMicroService.createNoEbillAdjustment.json HTTP/1.1" 200 4575
0:0:0:0:0:0:0:1 - - [30/Aug/2017:18:00:44 +0530] "GET /mdw/api/QbatMicroService.createNoEbillAdjustment.yaml HTTP/1.1" 200 3853
0:0:0:0:0:0:0:1 - - [30/Aug/2017:18:00:44 +0530] "GET /mdw/Services/Assets?app=mdw-admin HTTP/1.1" 200 1676
127.0.0.1 - - [30/Aug/2017:18:03:09 +0530] "POST /mdw/services/QbatMicroService/createNoEbillAdjustment HTTP/1.1" 200 542
0:0:0:0:0:0:0:1 - - [30/Aug/2017:18:03:09 +0530] "POST /mdw/Services/HttpMessages?app=mdw-admin HTTP/1.1" 200 693
127.0.0.1 - - [30/Aug/2017:18:04:40 +0530] "POST /mdw/services/QbatMicroService/computeNoEbillTax HTTP/1.1" 200 542
0:0:0:0:0:0:0:1 - - [30/Aug/2017:18:04:40 +0530] "POST /mdw/Services/HttpMessages?app=mdw-admin HTTP/1.1" 200 693
0:0:0:0:0:0:0:1 - - [30/Aug/2017:18:05:25 +0530] "GET /mdw/api HTTP/1.1" 200 93778
0:0:0:0:0:0:0:1 - - [30/Aug/2017:18:05:29 +0530] "GET /mdw/api/QbatMicroService.computeEbillTax.json HTTP/1.1" 200 3340
0:0:0:0:0:0:0:1 - - [30/Aug/2017:18:05:29 +0530] "GET /mdw/api/QbatMicroService.computeEbillTax.json HTTP/1.1" 200 3340
0:0:0:0:0:0:0:1 - - [30/Aug/2017:18:05:29 +0530] "GET /mdw/api/QbatMicroService.computeEbillTax.yaml HTTP/1.1" 200 2895
0:0:0:0:0:0:0:1 - - [30/Aug/2017:18:05:29 +0530] "GET /mdw/Services/Assets?app=mdw-admin HTTP/1.1" 200 1676
127.0.0.1 - - [30/Aug/2017:18:05:45 +0530] "POST /mdw/services/QbatMicroService/computeNoEbillTax HTTP/1.1" 200 51
0:0:0:0:0:0:0:1 - - [30/Aug/2017:18:05:45 +0530] "POST /mdw/Services/HttpMessages?app=mdw-admin HTTP/1.1" 200 126
127.0.0.1 - - [30/Aug/2017:18:05:53 +0530] "POST /mdw/services/QbatMicroService/computeNoEbillTax HTTP/1.1" 200 51
0:0:0:0:0:0:0:1 - - [30/Aug/2017:18:05:53 +0530] "POST /mdw/Services/HttpMessages?app=mdw-admin HTTP/1.1" 200 126
127.0.0.1 - - [30/Aug/2017:18:06:28 +0530] "POST /mdw/services/QbatMicroService/computeNoEbillTax HTTP/1.1" 200 237
0:0:0:0:0:0:0:1 - - [30/Aug/2017:18:06:28 +0530] "POST /mdw/Services/HttpMessages?app=mdw-admin HTTP/1.1" 200 333
127.0.0.1 - - [30/Aug/2017:18:06:38 +0530] "POST /mdw/services/QbatMicroService/computeNoEbillTax HTTP/1.1" 200 237
0:0:0:0:0:0:0:1 - - [30/Aug/2017:18:06:38 +0530] "POST /mdw/Services/HttpMessages?app=mdw-admin HTTP/1.1" 200 333
127.0.0.1 - - [30/Aug/2017:18:11:41 +0530] "POST /mdw/services/QbatMicroService/computeNoEbillTax HTTP/1.1" 200 237
0:0:0:0:0:0:0:1 - - [30/Aug/2017:18:11:41 +0530] "POST /mdw/Services/HttpMessages?app=mdw-admin HTTP/1.1" 200 333
127.0.0.1 - - [30/Aug/2017:18:12:09 +0530] "POST /mdw/services/QbatMicroService/computeNoEbillTax HTTP/1.1" 200 234
0:0:0:0:0:0:0:1 - - [30/Aug/2017:18:12:09 +0530] "POST /mdw/Services/HttpMessages?app=mdw-admin HTTP/1.1" 200 330
127.0.0.1 - - [30/Aug/2017:18:12:19 +0530] "POST /mdw/services/QbatMicroService/computeNoEbillTax HTTP/1.1" 200 234
0:0:0:0:0:0:0:1 - - [30/Aug/2017:18:12:19 +0530] "POST /mdw/Services/HttpMessages?app=mdw-admin HTTP/1.1" 200 330
127.0.0.1 - - [30/Aug/2017:18:12:52 +0530] "POST /mdw/services/QbatMicroService/computeNoEbillTax HTTP/1.1" 200 234
0:0:0:0:0:0:0:1 - - [30/Aug/2017:18:12:52 +0530] "POST /mdw/Services/HttpMessages?app=mdw-admin HTTP/1.1" 200 330
127.0.0.1 - - [30/Aug/2017:18:13:16 +0530] "POST /mdw/services/QbatMicroService/computeNoEbillTax HTTP/1.1" 200 234
0:0:0:0:0:0:0:1 - - [30/Aug/2017:18:13:16 +0530] "POST /mdw/Services/HttpMessages?app=mdw-admin HTTP/1.1" 200 330
127.0.0.1 - - [30/Aug/2017:18:14:02 +0530] "POST /mdw/services/QbatMicroService/computeNoEbillTax HTTP/1.1" 200 234
0:0:0:0:0:0:0:1 - - [30/Aug/2017:18:14:03 +0530] "POST /mdw/Services/HttpMessages?app=mdw-admin HTTP/1.1" 200 330
0:0:0:0:0:0:0:1 - - [30/Aug/2017:18:15:31 +0530] "GET /mdw/api HTTP/1.1" 200 93778
0:0:0:0:0:0:0:1 - - [30/Aug/2017:18:15:37 +0530] "GET /mdw/api/QbatMicroService.computeNoEbillTax.json HTTP/1.1" 200 4510
0:0:0:0:0:0:0:1 - - [30/Aug/2017:18:15:37 +0530] "GET /mdw/api/QbatMicroService.computeNoEbillTax.json HTTP/1.1" 200 4510
0:0:0:0:0:0:0:1 - - [30/Aug/2017:18:15:37 +0530] "GET /mdw/api/QbatMicroService.computeNoEbillTax.yaml HTTP/1.1" 200 3788
0:0:0:0:0:0:0:1 - - [30/Aug/2017:18:15:37 +0530] "GET /mdw/Services/Assets?app=mdw-admin HTTP/1.1" 200 1676
127.0.0.1 - - [30/Aug/2017:18:16:28 +0530] "POST /mdw/services/QbatMicroService/computeNoEbillTax HTTP/1.1" 200 51
0:0:0:0:0:0:0:1 - - [30/Aug/2017:18:16:29 +0530] "POST /mdw/Services/HttpMessages?app=mdw-admin HTTP/1.1" 200 126
127.0.0.1 - - [30/Aug/2017:18:16:43 +0530] "POST /mdw/services/QbatMicroService/computeNoEbillTax HTTP/1.1" 200 542
0:0:0:0:0:0:0:1 - - [30/Aug/2017:18:16:43 +0530] "POST /mdw/Services/HttpMessages?app=mdw-admin HTTP/1.1" 200 693
127.0.0.1 - - [30/Aug/2017:18:20:31 +0530] "POST /mdw/services/QbatMicroService/computeNoEbillTax HTTP/1.1" 200 542
0:0:0:0:0:0:0:1 - - [30/Aug/2017:18:20:32 +0530] "POST /mdw/Services/HttpMessages?app=mdw-admin HTTP/1.1" 200 693
0:0:0:0:0:0:0:1 - - [30/Aug/2017:18:23:20 +0530] "GET /mdw/api HTTP/1.1" 200 93778
0:0:0:0:0:0:0:1 - - [30/Aug/2017:18:23:24 +0530] "GET /mdw/api/QbatMicroService.computeNoEbillTax.json HTTP/1.1" 200 4510
0:0:0:0:0:0:0:1 - - [30/Aug/2017:18:23:24 +0530] "GET /mdw/api/QbatMicroService.computeNoEbillTax.json HTTP/1.1" 200 4510
0:0:0:0:0:0:0:1 - - [30/Aug/2017:18:23:24 +0530] "GET /mdw/api/QbatMicroService.computeNoEbillTax.yaml HTTP/1.1" 200 3788
0:0:0:0:0:0:0:1 - - [30/Aug/2017:18:23:24 +0530] "GET /mdw/Services/Assets?app=mdw-admin HTTP/1.1" 200 1676
127.0.0.1 - - [30/Aug/2017:18:23:39 +0530] "POST /mdw/services/QbatMicroService/computeNoEbillTax HTTP/1.1" 200 508
0:0:0:0:0:0:0:1 - - [30/Aug/2017:18:23:39 +0530] "POST /mdw/Services/HttpMessages?app=mdw-admin HTTP/1.1" 200 657
127.0.0.1 - - [30/Aug/2017:18:24:37 +0530] "POST /mdw/services/QbatMicroService/computeNoEbillTax HTTP/1.1" 200 542
0:0:0:0:0:0:0:1 - - [30/Aug/2017:18:24:37 +0530] "POST /mdw/Services/HttpMessages?app=mdw-admin HTTP/1.1" 200 693
127.0.0.1 - - [30/Aug/2017:18:24:52 +0530] "POST /mdw/services/QbatMicroService/computeNoEbillTax HTTP/1.1" 200 542
0:0:0:0:0:0:0:1 - - [30/Aug/2017:18:24:52 +0530] "POST /mdw/Services/HttpMessages?app=mdw-admin HTTP/1.1" 200 693
127.0.0.1 - - [30/Aug/2017:18:26:15 +0530] "POST /mdw/services/QbatMicroService/computeEbillTax HTTP/1.1" 200 416
0:0:0:0:0:0:0:1 - - [30/Aug/2017:18:26:15 +0530] "POST /mdw/Services/HttpMessages?app=mdw-admin HTTP/1.1" 200 536
127.0.0.1 - - [30/Aug/2017:18:26:21 +0530] "POST /mdw/services/QbatMicroService/computeEbillTax HTTP/1.1" 200 416
0:0:0:0:0:0:0:1 - - [30/Aug/2017:18:26:21 +0530] "POST /mdw/Services/HttpMessages?app=mdw-admin HTTP/1.1" 200 536
0:0:0:0:0:0:0:1 - - [30/Aug/2017:18:27:14 +0530] "GET /mdw/api HTTP/1.1" 200 93778
0:0:0:0:0:0:0:1 - - [30/Aug/2017:18:27:16 +0530] "GET /mdw/api/QbatMicroService.computeEbillTax.json HTTP/1.1" 200 3340
0:0:0:0:0:0:0:1 - - [30/Aug/2017:18:27:16 +0530] "GET /mdw/api/QbatMicroService.computeEbillTax.json HTTP/1.1" 200 3340
0:0:0:0:0:0:0:1 - - [30/Aug/2017:18:27:16 +0530] "GET /mdw/api/QbatMicroService.computeEbillTax.yaml HTTP/1.1" 200 2895
0:0:0:0:0:0:0:1 - - [30/Aug/2017:18:27:16 +0530] "GET /mdw/Services/Assets?app=mdw-admin HTTP/1.1" 200 1676
127.0.0.1 - - [30/Aug/2017:18:27:33 +0530] "POST /mdw/services/QbatMicroService/computeEbillTax HTTP/1.1" 200 51
0:0:0:0:0:0:0:1 - - [30/Aug/2017:18:27:34 +0530] "POST /mdw/Services/HttpMessages?app=mdw-admin HTTP/1.1" 200 126
127.0.0.1 - - [30/Aug/2017:18:27:50 +0530] "POST /mdw/services/QbatMicroService/computeEbillTax HTTP/1.1" 200 235
0:0:0:0:0:0:0:1 - - [30/Aug/2017:18:27:50 +0530] "POST /mdw/Services/HttpMessages?app=mdw-admin HTTP/1.1" 200 331
127.0.0.1 - - [30/Aug/2017:18:27:55 +0530] "POST /mdw/services/QbatMicroService/computeEbillTax HTTP/1.1" 200 235
0:0:0:0:0:0:0:1 - - [30/Aug/2017:18:27:56 +0530] "POST /mdw/Services/HttpMessages?app=mdw-admin HTTP/1.1" 200 331
0:0:0:0:0:0:0:1 - - [30/Aug/2017:18:29:42 +0530] "GET /mdw/api HTTP/1.1" 200 93778
0:0:0:0:0:0:0:1 - - [30/Aug/2017:18:29:48 +0530] "GET /mdw/api/QbatMicroService.createNoEbillAdjustment.json HTTP/1.1" 200 4575
0:0:0:0:0:0:0:1 - - [30/Aug/2017:18:29:48 +0530] "GET /mdw/api/QbatMicroService.createNoEbillAdjustment.json HTTP/1.1" 200 4575
0:0:0:0:0:0:0:1 - - [30/Aug/2017:18:29:48 +0530] "GET /mdw/api/QbatMicroService.createNoEbillAdjustment.yaml HTTP/1.1" 200 3853
0:0:0:0:0:0:0:1 - - [30/Aug/2017:18:31:13 +0530] "GET /mdw/users/users.html HTTP/1.1" 200 1696
0:0:0:0:0:0:0:1 - - [30/Aug/2017:18:31:17 +0530] "GET /mdw/layout/admin-nav.html HTTP/1.1" 200 632
0:0:0:0:0:0:0:1 - - [30/Aug/2017:18:31:35 +0530] "GET /mdw/ HTTP/1.1" 200 5164
0:0:0:0:0:0:0:1 - - [30/Aug/2017:18:32:09 +0530] "GET /mdw/ HTTP/1.1" 200 5164
0:0:0:0:0:0:0:1 - - [30/Aug/2017:18:32:11 +0530] "GET /mdw/api HTTP/1.1" 200 93778
0:0:0:0:0:0:0:1 - - [30/Aug/2017:18:32:17 +0530] "GET /mdw/ HTTP/1.1" 200 5164
0:0:0:0:0:0:0:1 - - [30/Aug/2017:18:32:19 +0530] "GET /mdw/ HTTP/1.1" 200 5164
0:0:0:0:0:0:0:1 - - [30/Aug/2017:18:32:35 +0530] "GET /mdw/Services/Assets?app=mdw-admin HTTP/1.1" 200 1676
0:0:0:0:0:0:0:1 - - [30/Aug/2017:18:32:46 +0530] "GET /mdw/Services/Users?app=mdw-admin&start=0 HTTP/1.1" 500 -
0:0:0:0:0:0:0:1 - - [30/Aug/2017:18:32:46 +0530] "GET /mdw/Services/System/System?app=mdw-admin HTTP/1.1" 500 -
0:0:0:0:0:0:0:1 - - [30/Aug/2017:18:32:54 +0530] "GET /mdw/Services/Users/mdwapp HTTP/1.1" 200 321
0:0:0:0:0:0:0:1 - - [30/Aug/2017:18:32:54 +0530] "GET /mdw/Services/Users/mdwapp HTTP/1.1" 500 -
0:0:0:0:0:0:0:1 - - [30/Aug/2017:18:32:54 +0530] "GET /mdw/Services/Users/mdwapp HTTP/1.1" 200 321
0:0:0:0:0:0:0:1 - - [30/Aug/2017:18:32:54 +0530] "GET /mdw/Services/System/System?app=mdw-admin HTTP/1.1" 200 21830
0:0:0:0:0:0:0:1 - - [30/Aug/2017:18:32:55 +0530] "GET /mdw/Services/System/System?app=mdw-admin HTTP/1.1" 200 21830
0:0:0:0:0:0:0:1 - - [30/Aug/2017:18:32:55 +0530] "GET /mdw/services/Processes?app=mdw-admin&start=0&max=50&master=true&status=[Active]&sort=startDate&descending=true HTTP/1.1" 200 19097
0:0:0:0:0:0:0:1 - - [30/Aug/2017:18:32:55 +0530] "GET /mdw/services/Processes?app=mdw-admin&start=50&max=50&master=true&status=[Active]&sort=startDate&descending=true HTTP/1.1" 200 19457
127.0.0.1 - - [30/Aug/2017:18:32:55 +0530] "POST /mdw/services/QbatMicroService/createNoEbillAdjustment HTTP/1.1" 200 542
127.0.0.1 - - [30/Aug/2017:18:32:55 +0530] "POST /mdw/services/QbatMicroService/createNoEbillAdjustment HTTP/1.1" 200 542
0:0:0:0:0:0:0:1 - - [30/Aug/2017:18:32:56 +0530] "POST /mdw/Services/HttpMessages?app=mdw-admin HTTP/1.1" 500 -
0:0:0:0:0:0:0:1 - - [30/Aug/2017:18:32:56 +0530] "POST /mdw/Services/HttpMessages?app=mdw-admin HTTP/1.1" 500 -
0:0:0:0:0:0:0:1 - - [30/Aug/2017:18:33:18 +0530] "GET /mdw/Services/System/System?app=mdw-admin HTTP/1.1" 200 21830
0:0:0:0:0:0:0:1 - - [30/Aug/2017:18:33:18 +0530] "GET /mdw/services/Values/SYSTEM/mdwProperties?app=mdw-admin HTTP/1.1" 200 1284
127.0.0.1 - - [30/Aug/2017:18:34:10 +0530] "POST /mdw/services/QbatMicroService/createNoEbillAdjustment HTTP/1.1" 200 542
0:0:0:0:0:0:0:1 - - [30/Aug/2017:18:34:10 +0530] "POST /mdw/Services/HttpMessages?app=mdw-admin HTTP/1.1" 200 693
127.0.0.1 - - [30/Aug/2017:18:35:51 +0530] "GET / HTTP/1.1" 404 -
127.0.0.1 - - [30/Aug/2017:18:36:44 +0530] "GET / HTTP/1.1" 404 994
127.0.0.1 - - [30/Aug/2017:18:36:45 +0530] "GET /mdw/Services/SystemInfo?type=threadDumpCount&format=text HTTP/1.1" 500 -
127.0.0.1 - - [30/Aug/2017:18:36:48 +0530] "POST /mdw/services/QbatMicroService/createNoEbillAdjustment HTTP/1.1" 200 542
0:0:0:0:0:0:0:1 - - [30/Aug/2017:18:36:48 +0530] "POST /mdw/Services/HttpMessages?app=mdw-admin HTTP/1.1" 200 693
0:0:0:0:0:0:0:1 - - [30/Aug/2017:18:40:35 +0530] "GET /mdw/api HTTP/1.1" 200 92616
0:0:0:0:0:0:0:1 - - [30/Aug/2017:18:40:39 +0530] "GET /mdw/api/QbatMicroService.computeNoEbillTax.json HTTP/1.1" 200 4510
0:0:0:0:0:0:0:1 - - [30/Aug/2017:18:40:39 +0530] "GET /mdw/api/QbatMicroService.computeNoEbillTax.json HTTP/1.1" 200 4510
0:0:0:0:0:0:0:1 - - [30/Aug/2017:18:40:39 +0530] "GET /mdw/api/QbatMicroService.computeNoEbillTax.yaml HTTP/1.1" 200 3788
0:0:0:0:0:0:0:1 - - [30/Aug/2017:18:40:39 +0530] "GET /mdw/Services/Assets?app=mdw-admin HTTP/1.1" 200 1676
127.0.0.1 - - [30/Aug/2017:18:41:01 +0530] "POST /mdw/services/QbatMicroService/computeNoEbillTax HTTP/1.1" 200 542
0:0:0:0:0:0:0:1 - - [30/Aug/2017:18:41:01 +0530] "POST /mdw/Services/HttpMessages?app=mdw-admin HTTP/1.1" 200 693
0:0:0:0:0:0:0:1 - - [30/Aug/2017:19:37:09 +0530] "GET /mdw/ HTTP/1.1" 200 5164
0:0:0:0:0:0:0:1 - - [30/Aug/2017:19:37:10 +0530] "GET /mdw/Services/Users/mdwapp HTTP/1.1" 200 321
0:0:0:0:0:0:0:1 - - [30/Aug/2017:19:37:10 +0530] "GET /mdw/services/Processes?app=mdw-admin&start=0&max=50&master=true&status=[Active]&sort=startDate&descending=true HTTP/1.1" 200 19097
0:0:0:0:0:0:0:1 - - [30/Aug/2017:19:37:13 +0530] "GET /mdw/Services/System/System?app=mdw-admin HTTP/1.1" 200 21830
0:0:0:0:0:0:0:1 - - [30/Aug/2017:19:37:14 +0530] "GET /mdw/services/Values/SYSTEM/mdwProperties?app=mdw-admin HTTP/1.1" 200 1284
